[www.subgit.com/remote-book.html]
[www.subgit.com/img/favicon.ico]
[backblue.gif]
[fade.gif]
[index.html]
[www.subgit.com/css/documentation.css]
[www.subgit.com/js/documentation_script.js]
[www.subgit.com/js/jquery-latest.min.js]
[www.subgit.com/index-2.html]
[www.subgit.com/index.html]
[www.subgit.com/documentation.html]
[www.subgit.com/download.html]
[www.subgit.com/pricing.html]
[www.subgit.com/contacts.html]
[www.subgit.com/img/remotebook/start.png]
[www.subgit.com/img/remotebook/remote-subgit.png]
[www.subgit.com/img/remotebook/remote-single.png]
[www.subgit.com/img/remotebook/remote-multi.png]
[www.subgit.com/img/remotebook/mapping.png]
[www.subgit.com/img/remotebook/remote-install-stages.png]
[www.subgit.com/subgit.com/newsite/download.html]
[www.subgit.com/remote-book.html]
[www.subgit.com/f/aller_bd-webfont.eot]
[www.subgit.com/f/aller_bd-webfont.woff]
[www.subgit.com/f/aller_bd-webfontd41d.eot]
[www.subgit.com/f/aller_bd-webfont.svg]
[www.subgit.com/f/aller_rg-webfont.eot]
[www.subgit.com/f/aller_rg-webfont.woff]
[www.subgit.com/f/Aller_Bd.ttf]
[www.subgit.com/f/aller_rg-webfontd41d.eot]
[www.subgit.com/img/top_logo.png]
[www.subgit.com/f/Aller_Rg.ttf]
[www.subgit.com/img/top1.png]
[www.subgit.com/img/footer_logo.jpg]
[www.subgit.com/img/email_footer.png]
[www.subgit.com/f/aller_rg-webfont.svg]
[www.subgit.com/img/twitter_footer.png]
[www.subgit.com/img/twitter_footer_on.png]
[www.subgit.com/img/google_footer.png]
[www.subgit.com/img/google_footer_on.png]
[www.subgit.com/img/stack_footer.png]
[www.subgit.com/img/stack_footer_on.png]
[www.subgit.com/img/top.png]
[www.subgit.com/img/top_on.png]
[www.subgit.com/css/documentation.css]
[www.subgit.com/css/main.css]
[www.subgit.com/js/script.js]
[www.subgit.com/js/main_page_script.js]
[www.subgit.com/js/price_script.js]
[www.subgit.com/eap.html]
[www.subgit.com/documentation/gitsvn.html]
[www.subgit.com/index.html]
[www.subgit.com/index-2.html]
[www.subgit.com/book.html]
[www.subgit.com/documentation/release-notes.html]
[www.subgit.com/documentation/register.html]
[www.subgit.com/documentation.html]
[www.subgit.com/downloadingzip.html]
[www.subgit.com/downloadingdeb.html]
[www.subgit.com/license.html]
[www.subgit.com/download.html]
[www.subgit.com/support.html]
[www.subgit.com/SubGit Support Agreement.pdf]
[www.subgit.com/pricing.html]
[www.subgit.com/contacts.html]
[www.subgit.com/subgit.com/newsite/download.html]
[www.subgit.com/f/aller_bd-webfont.svg]
[www.subgit.com/f/aller_rg-webfont.svg]
[www.subgit.com/img/middle_logo.png]
[www.subgit.com/img/href_sprite.png]
[www.subgit.com/img/subgit_mirror.png]
[www.subgit.com/img/subgit_import.png]
[www.subgit.com/img/atlassian_stash.png]
[www.subgit.com/img/pro_support.png]
[www.subgit.com/img/compare_git_svn.png]
[www.subgit.com/img/fits_environment.png]
[www.subgit.com/img/testemonials.png]
[www.subgit.com/img/parners/boeing.png]
[www.subgit.com/img/parners/cbs.png]
[www.subgit.com/img/parners/postbank.png]
[www.subgit.com/img/parners/comcast.png]
[www.subgit.com/img/parners/mit.png]
[www.subgit.com/img/parners/equifax.png]
[www.subgit.com/img/tel_footer.png]
[www.subgit.com/img/twitter.png]
[www.subgit.com/img/twitter_on.png]
[www.subgit.com/img/google_plus.png]
[www.subgit.com/img/google_plus_on.png]
[www.subgit.com/img/stack_overflow.png]
[www.subgit.com/img/stack_overflow_on.png]
[www.subgit.com/img/price_email_white.png]
[www.subgit.com/img/price_email.png]
[www.subgit.com/img/close.png]
[www.subgit.com/img/left.png]
[www.subgit.com/img/right.png]
[www.subgit.com/img/addit_part1.png]
[www.subgit.com/img/addit_part2.png]
[www.subgit.com/img/addit_part3.png]
[www.subgit.com/css/main.css]
[www.subgit.com/downloadingeapzip.html]
[www.subgit.com/downloadingeapdeb.html]
[www.subgit.com/eap.html]
[www.subgit.com/documentation/gitsvn.html]
[www.subgit.com/img/subgitbook/start.png]
[www.subgit.com/img/subgitbook/subgit.png]
[www.subgit.com/img/subgitbook/single.png]
[www.subgit.com/img/subgitbook/multi.png]
[www.subgit.com/img/subgitbook/mapping.png]
[www.subgit.com/img/subgitbook/multi-combined.png]
[www.subgit.com/img/subgitbook/install-stages.png]
[www.subgit.com/img/subgitbook/user-same.png]
[www.subgit.com/img/subgitbook/user-same2.png]
[www.subgit.com/img/subgitbook/users-differ.png]
[www.subgit.com/img/subgitbook/svn2git-fail-auto.png]
[www.subgit.com/img/subgitbook/git2svn-fail-auto.png]
[www.subgit.com/img/subgitbook/git2svn-fail-svn.png]
[www.subgit.com/img/subgitbook/svn2git-fail-git.png]
[www.subgit.com/img/subgitbook/recovery-diversion.png]
[www.subgit.com/img/subgitbook/recovery-reset.png]
[www.subgit.com/img/subgitbook/recovery-install.png]
[www.subgit.com/img/subgitbook/recovery-rebase.png]
[www.subgit.com/book.html]
[www.subgit.com/documentation/release-notes.html]
[www.subgit.com/documentation/register.html]
[www.subgit.com/downloadingzip.html]
[www.subgit.com/pircing.html]
[www.subgit.com/downloadingdeb.html]
[www.subgit.com/css/styles.css]
[www.subgit.com/license.html]
[www.subgit.com/support.html]
[apis.google.com/js/plusone.js]
[www.subgit.com/downloadingeapzip.html]
[www.subgit.com/downloadingeapdeb.html]
[www.subgit.com/pircing.html]
[www.subgit.com/img/parners/cisco.png]
[www.subgit.com/css/img/note_bg.69.delayed]
[www.subgit.com/css/img/pointer.gif]
[www.subgit.com/css/styles.css]
[www.subgit.com/img/parners/cisco.png]
[www.subgit.com/css/img/note_bg.html]
[www.subgit.com/css/img/pointer.html]
